[오후 첫 예제] 로컬-원격 저장소 pull, push



Administrator@Gclass MINGW64 /d/web_0900_kys/git/workspace/remote02
$ git init
Initialized empty Git repository in D:/web_0900_kys/git/workspace/remote02/.git/

Administrator@Gclass MINGW64 /d/web_0900_kys/git/workspace/remote02 (master)
$ git branch -m master main

Administrator@Gclass MINGW64 /d/web_0900_kys/git/workspace/remote02 (main)
$ git branch

Administrator@Gclass MINGW64 /d/web_0900_kys/git/workspace/remote02 (main)
$ git status
On branch main

No commits yet

Untracked files:
  (use "git add <file>..." to include in what will be committed)
        test.txt

nothing added to commit but untracked files present (use "git add" to track)

Administrator@Gclass MINGW64 /d/web_0900_kys/git/workspace/remote02 (main)
$ git add .

Administrator@Gclass MINGW64 /d/web_0900_kys/git/workspace/remote02 (main)
$ git status
On branch main

No commits yet

Changes to be committed:
  (use "git rm --cached <file>..." to unstage)
        new file:   test.txt


Administrator@Gclass MINGW64 /d/web_0900_kys/git/workspace/remote02 (main)
$ git commit -m "250612 14:32 초기 파일 생성"
[main (root-commit) 401cc13] 250612 14:32 초기 파일 생성
 1 file changed, 0 insertions(+), 0 deletions(-)
 create mode 100644 test.txt

Administrator@Gclass MINGW64 /d/web_0900_kys/git/workspace/remote02 (main)
$ git remote -v

Administrator@Gclass MINGW64 /d/web_0900_kys/git/workspace/remote02 (main)
$ git push origin main
fatal: 'origin' does not appear to be a git repository
fatal: Could not read from remote repository.

Please make sure you have the correct access rights
and the repository exists.

Administrator@Gclass MINGW64 /d/web_0900_kys/git/workspace/remote02 (main)
$ git remote add origin https://github.com/yeoungsun/kdt_test03.git

Administrator@Gclass MINGW64 /d/web_0900_kys/git/workspace/remote02 (main)
$ git remote -v
origin  https://github.com/yeoungsun/kdt_test03.git (fetch)
origin  https://github.com/yeoungsun/kdt_test03.git (push)

Administrator@Gclass MINGW64 /d/web_0900_kys/git/workspace/remote02 (main)
$ git push origin main
To https://github.com/yeoungsun/kdt_test03.git
 ! [rejected]        main -> main (fetch first)
error: failed to push some refs to 'https://github.com/yeoungsun/kdt_test03.git'
hint: Updates were rejected because the remote contains work that you do not
hint: have locally. This is usually caused by another repository pushing to
hint: the same ref. If you want to integrate the remote changes, use
hint: 'git pull' before pushing again.
hint: See the 'Note about fast-forwards' in 'git push --help' for details.

Administrator@Gclass MINGW64 /d/web_0900_kys/git/workspace/remote02 (main)
$ git pull origin main
remote: Enumerating objects: 6, done.
remote: Counting objects: 100% (6/6), done.
remote: Compressing objects: 100% (2/2), done.
remote: Total 6 (delta 0), reused 0 (delta 0), pack-reused 0 (from 0)
Unpacking objects: 100% (6/6), 1.74 KiB | 118.00 KiB/s, done.
Merge branch 'main' of https://github.com/yeoungsun/kdt_test03







From https://github.com/yeoungsun/kdt_test03
 * branch            main       -> FETCH_HEAD
Merge made by the 'ort' strategy.
 README.md | 3 +++
 1 file changed, 3 insertions(+)
 create mode 100644 README.md

Administrator@Gclass MINGW64 /d/web_0900_kys/git/workspace/remote02 (main)
$ git push origin main
Enumerating objects: 6, done.
Counting objects: 100% (6/6), done.
Delta compression using up to 16 threads
Compressing objects: 100% (3/3), done.
Writing objects: 100% (5/5), 600 bytes | 600.00 KiB/s, done.
Total 5 (delta 0), reused 0 (delta 0), pack-reused 0 (from 0)
To https://github.com/yeoungsun/kdt_test03.git
   bdb3445..09f0641  main -> main

Administrator@Gclass MINGW64 /d/web_0900_kys/git/workspace/remote02 (main)
$
